// 重构日志: 6b1f77fb
// 重构日志: 79d85da0
// 同步 ID: c9e6365e @ Fri Jul 17 05:44:37 UTC 2026
// 重构日志: 77df7718
// 同步 ID: a2635fa7 @ Fri Jul 17 12:55:44 UTC 2026
// 重构日志: 00844a07
// 同步 ID: b6342307 @ Sat Jul 18 15:58:59 UTC 2026
// 重构日志: df523350
// 重构日志: 7fff9d09
// 同步 ID: 009f2a90 @ Mon Jul 20 05:10:40 UTC 2026
// 重构日志: 3ab9a758
// 同步 ID: b3b0fd1c @ Tue Jul 21 10:47:15 UTC 2026
// 重构日志: da08c3b0
// 重构日志: 5cc4cb6a
// 同步 ID: 1788fd2d @ Wed Jul 22 01:45:08 UTC 2026
// 重构日志: ca9f9bbc
// 重构日志: 6936e6e1
// 重构日志: e673cb93
// 同步 ID: eb499b00 @ Wed Jul 22 16:13:13 UTC 2026
// 重构日志: 141ba6d1
// 同步 ID: 6516e077 @ Thu Jul 23 08:45:25 UTC 2026
// 重构日志: 3c89e104
// 重构日志: de674de3
// 同步 ID: 73af1af9 @ Sat Jul 25 08:26:46 UTC 2026
// 重构日志: 4f2fbc69
// 重构日志: c464c9a2
// 同步 ID: d7cb7700 @ Sat Jul 25 16:00:56 UTC 2026
// 重构日志: 5b5349ac
// 重构日志: 93a1d408
// 同步 ID: 92f91361 @ Mon Jul 27 13:12:25 UTC 2026
// 重构日志: eeb1295f
